// Jest Snapshot v1, https://goo.gl/fbAQLP

exports[` 1`] = `
<span
  className="MuiTypography-root"
>
  Test Label
</span>
`;
